
tar -zxvf nginx-1.6.3.tar.gz

[root@iZuf6ayj54m6qqykp29r2bZ nginx-1.6.3]# yum -y install pcre-devel

[root@iZuf6ayj54m6qqykp29r2bZ nginx-1.6.3]# ./configure

Configuration summary
  + using system PCRE library
  + OpenSSL library is not used
  + md5: using system crypto library
  + sha1: using system crypto library
  + using system zlib library

  nginx path prefix: "/usr/local/nginx"
  nginx binary file: "/usr/local/nginx/sbin/nginx"
  nginx configuration prefix: "/usr/local/nginx/conf"
  nginx configuration file: "/usr/local/nginx/conf/nginx.conf"
  nginx pid file: "/usr/local/nginx/logs/nginx.pid"
  nginx error log file: "/usr/local/nginx/logs/error.log"
  nginx http access log file: "/usr/local/nginx/logs/access.log"
  nginx http client request body temporary files: "client_body_temp"
  nginx http proxy temporary files: "proxy_temp"
  nginx http fastcgi temporary files: "fastcgi_temp"
  nginx http uwsgi temporary files: "uwsgi_temp"
  nginx http scgi temporary files: "scgi_temp"
  
  
[root@iZuf6ayj54m6qqykp29r2bZ sbin]# /user/local/nginx/sbin/nginx -t
-bash: /user/local/nginx/sbin/nginx: No such file or directory
[root@iZuf6ayj54m6qqykp29r2bZ sbin]# ./nginx -t
nginx: the configuration file /usr/local/nginx/conf/nginx.conf syntax is ok
nginx: configuration file /usr/local/nginx/conf/nginx.conf test is successful

nginx未添加到系统服务启动方式 /usr/local/nginx/sbin
[root@iZuf6ayj54m6qqykp29r2bZ sbin]# ./nginx -v
nginx version: nginx/1.6.3
[root@iZuf6ayj54m6qqykp29r2bZ sbin]# ./nginx -t
nginx: the configuration file /usr/local/nginx/conf/nginx.conf syntax is ok
nginx: configuration file /usr/local/nginx/conf/nginx.conf test is successful
[root@iZuf6ayj54m6qqykp29r2bZ sbin]# ./nginx -s reload
[root@iZuf6ayj54m6qqykp29r2bZ sbin]#

nginx目前还未添加到系统服务
service nginx status